// Jest Snapshot v1, https://goo.gl/fbAQLP

exports[`Tooltip should match the snapshot 1`] = `
{
  "asFragment": [Function],
  "baseElement": <body>
    <div>
      <div
        class="relative inline-block"
      >
        <div
          class="group relative"
        >
          <span>
            Hover over me
          </span>
          <div
            class="opacity-0 invisible group-hover:opacity-100 group-hover:visible absolute z-10 bg-slate-800 text-white py-2 px-4 rounded-md text-center whitespace-nowrap bottom-full left-1/2 transform -translate-x-1/2"
          >
            Top Tooltip
          </div>
        </div>
      </div>
    </div>
  </body>,
  "container": <div>
    <div
      class="relative inline-block"
    >
      <div
        class="group relative"
      >
        <span>
          Hover over me
        </span>
        <div
          class="opacity-0 invisible group-hover:opacity-100 group-hover:visible absolute z-10 bg-slate-800 text-white py-2 px-4 rounded-md text-center whitespace-nowrap bottom-full left-1/2 transform -translate-x-1/2"
        >
          Top Tooltip
        </div>
      </div>
    </div>
  </div>,
  "debug": [Function],
  "findAllByAltText": [Function],
  "findAllByDisplayValue": [Function],
  "findAllByLabelText": [Function],
  "findAllByPlaceholderText": [Function],
  "findAllByRole": [Function],
  "findAllByTestId": [Function],
  "findAllByText": [Function],
  "findAllByTitle": [Function],
  "findByAltText": [Function],
  "findByDisplayValue": [Function],
  "findByLabelText": [Function],
  "findByPlaceholderText": [Function],
  "findByRole": [Function],
  "findByTestId": [Function],
  "findByText": [Function],
  "findByTitle": [Function],
  "getAllByAltText": [Function],
  "getAllByDisplayValue": [Function],
  "getAllByLabelText": [Function],
  "getAllByPlaceholderText": [Function],
  "getAllByRole": [Function],
  "getAllByTestId": [Function],
  "getAllByText": [Function],
  "getAllByTitle": [Function],
  "getByAltText": [Function],
  "getByDisplayValue": [Function],
  "getByLabelText": [Function],
  "getByPlaceholderText": [Function],
  "getByRole": [Function],
  "getByTestId": [Function],
  "getByText": [Function],
  "getByTitle": [Function],
  "queryAllByAltText": [Function],
  "queryAllByDisplayValue": [Function],
  "queryAllByLabelText": [Function],
  "queryAllByPlaceholderText": [Function],
  "queryAllByRole": [Function],
  "queryAllByTestId": [Function],
  "queryAllByText": [Function],
  "queryAllByTitle": [Function],
  "queryByAltText": [Function],
  "queryByDisplayValue": [Function],
  "queryByLabelText": [Function],
  "queryByPlaceholderText": [Function],
  "queryByRole": [Function],
  "queryByTestId": [Function],
  "queryByText": [Function],
  "queryByTitle": [Function],
  "rerender": [Function],
  "unmount": [Function],
}
`;
